In file included from [01m[K/home/boris/workspace/ov_fork/src/open_vins/ov_msckf/src/state/State.cpp:22[m[K:
[01m[K/home/boris/workspace/ov_fork/src/open_vins/ov_msckf/src/state/State.h:152:99:[m[K [01;31m[Kerror: [m[Kexpected unqualified-id before ‘[01m[K>[m[K’ token
  152 |   std::map<double, std::pair<std::shared_ptr<ov_type::PoseJPL>, std::shared_ptr<ov_type::PoseJPL>>[01;31m[K>>[m[K _clones_IMU;
      |                                                                                                   [01;31m[K^~[m[K
[01m[K/home/boris/workspace/ov_fork/src/open_vins/ov_msckf/src/state/State.h:[m[K In member function ‘[01m[Kdouble ov_msckf::State::margtimestep()[m[K’:
[01m[K/home/boris/workspace/ov_fork/src/open_vins/ov_msckf/src/state/State.h:71:34:[m[K [01;31m[Kerror: [m[K‘[01m[K_clones_IMU[m[K’ was not declared in this scope; did you mean ‘[01m[Kclone_imu[m[K’?
   71 |     for (const auto &clone_imu : [01;31m[K_clones_IMU[m[K) {
      |                                  [01;31m[K^~~~~~~~~~~[m[K
      |                                  [32m[Kclone_imu[m[K
In file included from [01m[K/home/boris/workspace/ov_fork/src/open_vins/ov_msckf/src/state/StateHelper.cpp:24[m[K:
[01m[K/home/boris/workspace/ov_fork/src/open_vins/ov_msckf/src/state/State.h:152:99:[m[K [01;31m[Kerror: [m[Kexpected unqualified-id before ‘[01m[K>[m[K’ token
  152 | ed_ptr<ov_type::PoseJPL>, std::shared_ptr<ov_type::PoseJPL>>[01;31m[K>>[m[K _clones_IMU;
      |                                                             [01;31m[K^~[m[K

[01m[K/home/boris/workspace/ov_fork/src/open_vins/ov_msckf/src/state/State.h:[m[K In member function ‘[01m[Kdouble ov_msckf::State::margtimestep()[m[K’:
[01m[K/home/boris/workspace/ov_fork/src/open_vins/ov_msckf/src/state/State.h:71:34:[m[K [01;31m[Kerror: [m[K‘[01m[K_clones_IMU[m[K’ was not declared in this scope; did you mean ‘[01m[Kclone_imu[m[K’?
   71 |     for (const auto &clone_imu : [01;31m[K_clones_IMU[m[K) {
      |                                  [01;31m[K^~~~~~~~~~~[m[K
      |                                  [32m[Kclone_imu[m[K
[01m[K/home/boris/workspace/ov_fork/src/open_vins/ov_msckf/src/state/StateHelper.cpp:[m[K In static member function ‘[01m[Kstatic void ov_msckf::StateHelper::augment_clone(std::shared_ptr<ov_msckf::State>, Eigen::Matrix<double, 3, 1>, const ov_core::GimbalData&)[m[K’:
[01m[K/home/boris/workspace/ov_fork/src/open_vins/ov_msckf/src/state/StateHelper.cpp:584:14:[m[K [01;31m[Kerror: [m[K‘[01m[Kusing element_type = class ov_msckf::State[m[K’ {aka ‘[01m[Kclass ov_msckf::State[m[K’} has no member named ‘[01m[K_clones_IMU[m[K’
  584 |   if (state->[01;31m[K_clones_IMU[m[K.find(state->_timestamp) != state->_clones_IMU.end()) {
      |              [01;31m[K^~~~~~~~~~~[m[K
[01m[K/home/boris/workspace/ov_fork/src/open_vins/ov_msckf/src/state/StateHelper.cpp:584:60:[m[K [01;31m[Kerror: [m[K‘[01m[Kusing element_type = class ov_msckf::State[m[K’ {aka ‘[01m[Kclass ov_msckf::State[m[K’} has no member named ‘[01m[K_clones_IMU[m[K’
  584 |   if (state->_clones_IMU.find(state->_timestamp) != state->[01;31m[K_clones_IMU[m[K.end()) {
      |                                                            [01;31m[K^~~~~~~~~~~[m[K
[01m[K/home/boris/workspace/ov_fork/src/open_vins/ov_msckf/src/state/StateHelper.cpp:605:52:[m[K [01;31m[Kerror: [m[Kexpected primary-expression before ‘[01m[K)[m[K’ token
  605 |   auto gimbal_rot_ptr = std::make_shared<PoseJPL>>([01;31m[K)[m[K;
      |                                                    [01;31m[K^[m[K
[01m[K/home/boris/workspace/ov_fork/src/open_vins/ov_msckf/src/state/StateHelper.cpp:610:10:[m[K [01;31m[Kerror: [m[K‘[01m[Kusing element_type = class ov_msckf::State[m[K’ {aka ‘[01m[Kclass ov_msckf::State[m[K’} has no member named ‘[01m[K_clones_IMU[m[K’
  610 |   state->[01;31m[K_clones_IMU[m[K[state->_timestamp] = {pose, gimbal_rot_ptr};  // TODO: gimbal rotation at that clone time
      |          [01;31m[K^~~~~~~~~~~[m[K
[01m[K/home/boris/workspace/ov_fork/src/open_vins/ov_msckf/src/state/StateHelper.cpp:[m[K In static member function ‘[01m[Kstatic void ov_msckf::StateHelper::marginalize_old_clone(std::shared_ptr<ov_msckf::State>)[m[K’:
[01m[K/home/boris/workspace/ov_fork/src/open_vins/ov_msckf/src/state/StateHelper.cpp:630:19:[m[K [01;31m[Kerror: [m[K‘[01m[Kusing element_type = class ov_msckf::State[m[K’ {aka ‘[01m[Kclass ov_msckf::State[m[K’} has no member named ‘[01m[K_clones_IMU[m[K’
  630 |   if ((int)state->[01;31m[K_clones_IMU[m[K.size() > state->_options.max_clone_size) {
      |                   [01;31m[K^~~~~~~~~~~[m[K
[01m[K/home/boris/workspace/ov_fork/src/open_vins/ov_msckf/src/state/StateHelper.cpp:635:44:[m[K [01;31m[Kerror: [m[K‘[01m[Kusing element_type = class ov_msckf::State[m[K’ {aka ‘[01m[Kclass ov_msckf::State[m[K’} has no member named ‘[01m[K_clones_IMU[m[K’
  635 |     StateHelper::marginalize(state, state->[01;31m[K_clones_IMU[m[K.at(marginal_time).first);
      |                                            [01;31m[K^~~~~~~~~~~[m[K
[01m[K/home/boris/workspace/ov_fork/src/open_vins/ov_msckf/src/state/StateHelper.cpp:636:44:[m[K [01;31m[Kerror: [m[K‘[01m[Kusing element_type = class ov_msckf::State[m[K’ {aka ‘[01m[Kclass ov_msckf::State[m[K’} has no member named ‘[01m[K_clones_IMU[m[K’
  636 |     StateHelper::marginalize(state, state->[01;31m[K_clones_IMU[m[K.at(marginal_time).second);
      |                                            [01;31m[K^~~~~~~~~~~[m[K
[01m[K/home/boris/workspace/ov_fork/src/open_vins/ov_msckf/src/state/StateHelper.cpp:639:12:[m[K [01;31m[Kerror: [m[K‘[01m[Kusing element_type = class ov_msckf::State[m[K’ {aka ‘[01m[Kclass ov_msckf::State[m[K’} has no member named ‘[01m[K_clones_IMU[m[K’
  639 |     state->[01;31m[K_clones_IMU[m[K.erase(marginal_time);
      |            [01;31m[K^~~~~~~~~~~[m[K
In file included from [01m[K/home/boris/workspace/ov_fork/src/open_vins/ov_msckf/src/sim/Simulator.cpp:28[m[K:
[01m[K/home/boris/workspace/ov_fork/src/open_vins/ov_msckf/src/state/State.h:152:99:[m[K [01;31m[Kerror: [m[Kexpected unqualified-id before ‘[01m[K>[m[K’ token
  152 |   std::map<double, std::pair<std::shared_ptr<ov_type::PoseJPL>, std::shared_ptr<ov_type::PoseJPL>>[01;31m[K>>[m[K _clones_IMU;
      |                                                                                                   [01;31m[K^~[m[K
[01m[K/home/boris/workspace/ov_fork/src/open_vins/ov_msckf/src/state/State.h:[m[K In member function ‘[01m[Kdouble ov_msckf::State::margtimestep()[m[K’:
[01m[K/home/boris/workspace/ov_fork/src/open_vins/ov_msckf/src/state/State.h:71:34:[m[K [01;31m[Kerror: [m[K‘[01m[K_clones_IMU[m[K’ was not declared in this scope; did you mean ‘[01m[Kclone_imu[m[K’?
   71 |     for (const auto &clone_imu : [01;31m[K_clones_IMU[m[K) {
      |                                  [01;31m[K^~~~~~~~~~~[m[K
      |                                  [32m[Kclone_imu[m[K
gmake[2]: *** [CMakeFiles/ov_msckf_lib.dir/build.make:104: CMakeFiles/ov_msckf_lib.dir/src/state/State.cpp.o] Error 1
gmake[2]: *** Waiting for unfinished jobs....
gmake[2]: *** [CMakeFiles/ov_msckf_lib.dir/build.make:118: CMakeFiles/ov_msckf_lib.dir/src/state/StateHelper.cpp.o] Error 1
gmake[2]: *** [CMakeFiles/ov_msckf_lib.dir/build.make:90: CMakeFiles/ov_msckf_lib.dir/src/sim/Simulator.cpp.o] Error 1
gmake[1]: *** [CMakeFiles/Makefile2:145: CMakeFiles/ov_msckf_lib.dir/all] Error 2
gmake: *** [Makefile:146: all] Error 2
