-- The C compiler identification is GNU 11.4.0
-- The CXX compiler identification is GNU 11.4.0
-- Detecting C compiler ABI info
-- Detecting C compiler ABI info - done
-- Check for working C compiler: /usr/bin/cc - skipped
-- Detecting C compile features
-- Detecting C compile features - done
-- Detecting CXX compiler ABI info
-- Detecting CXX compiler ABI info - done
-- Check for working CXX compiler: /usr/bin/c++ - skipped
-- Detecting CXX compile features
-- Detecting CXX compile features - done
-- Found OpenCV: /usr (found suitable version "4.5.4", minimum required is "4") 
-- Found Boost: /usr/lib/x86_64-linux-gnu/cmake/Boost-1.74.0/BoostConfig.cmake (found version "1.74.0") found components: system filesystem thread date_time 
-- Found Threads: TRUE  
-- Found required Ceres dependency: Eigen version 3.4.0 in /usr/include/eigen3
-- Found required Ceres dependency: glog
-- Found required Ceres dependency: gflags
-- Found Ceres version: 2.0.0 installed in: /usr with components: [EigenSparse, SparseLinearAlgebraLibrary, LAPACK, SuiteSparse, CXSparse, SchurSpecializations, Multithreading]
-- OPENCV: 4.5.4 | BOOST: 1.74.0 | CERES: 2.0.0
-- Found Python3: /usr/bin/python3 (found version "3.10.12") found components: Interpreter 
-- ROS *2* version found, building ROS2.cmake
-- Found rclcpp: 16.0.18 (/opt/ros/humble/share/rclcpp/cmake)
-- Found rosidl_generator_c: 3.1.8 (/opt/ros/humble/share/rosidl_generator_c/cmake)
-- Found rosidl_adapter: 3.1.8 (/opt/ros/humble/share/rosidl_adapter/cmake)
-- Found rosidl_generator_cpp: 3.1.8 (/opt/ros/humble/share/rosidl_generator_cpp/cmake)
-- Using all available rosidl_typesupport_c: rosidl_typesupport_fastrtps_c;rosidl_typesupport_introspection_c
-- Using all available rosidl_typesupport_cpp: rosidl_typesupport_fastrtps_cpp;rosidl_typesupport_introspection_cpp
-- Found rmw_implementation_cmake: 6.1.2 (/opt/ros/humble/share/rmw_implementation_cmake/cmake)
-- Found rmw_fastrtps_cpp: 6.2.10 (/opt/ros/humble/share/rmw_fastrtps_cpp/cmake)
-- Found OpenSSL: /usr/lib/x86_64-linux-gnu/libcrypto.so (found version "3.0.2")  
-- Found FastRTPS: /opt/ros/humble/include  
-- Using RMW implementation 'rmw_fastrtps_cpp' as default
-- Found tf2_ros: 0.25.19 (/opt/ros/humble/share/tf2_ros/cmake)
-- Found tf2_geometry_msgs: 0.25.19 (/opt/ros/humble/share/tf2_geometry_msgs/cmake)
-- Found eigen3_cmake_module: 0.1.1 (/opt/ros/humble/share/eigen3_cmake_module/cmake)
-- Found Eigen3: TRUE (found version "3.4.0") 
-- Ensuring Eigen3 include directory is part of orocos-kdl CMake target
-- Found sensor_msgs: 4.9.1 (/opt/ros/humble/share/sensor_msgs/cmake)
-- Found nav_msgs: 4.9.1 (/opt/ros/humble/share/nav_msgs/cmake)
-- Found cv_bridge: 3.2.1 (/opt/ros/humble/share/cv_bridge/cmake)
-- Found image_transport: 3.1.12 (/opt/ros/humble/share/image_transport/cmake)
-- Found ov_core: 2.7.0 (/home/boris/workspace/ov_fork/install/ov_core/share/ov_core/cmake)
-- Found ov_init: 2.7.0 (/home/boris/workspace/ov_fork/install/ov_init/share/ov_init/cmake)
-- Found ov_interfaces: 0.0.0 (/home/boris/workspace/ov_fork/install/ov_interfaces/share/ov_interfaces/cmake)
-- Configuring done
-- Generating done
-- Build files have been written to: /home/boris/workspace/ov_fork/src/open_vins/build/ov_msckf
[  4%] [32mBuilding CXX object CMakeFiles/ov_msckf_lib.dir/src/sim/Simulator.cpp.o[0m
[  9%] [32mBuilding CXX object CMakeFiles/ov_msckf_lib.dir/src/state/State.cpp.o[0m
[ 13%] [32mBuilding CXX object CMakeFiles/ov_msckf_lib.dir/src/dummy.cpp.o[0m
[ 18%] [32mBuilding CXX object CMakeFiles/ov_msckf_lib.dir/src/state/StateHelper.cpp.o[0m
In file included from [01m[K/home/boris/workspace/ov_fork/src/open_vins/ov_msckf/src/state/State.cpp:22[m[K:
[01m[K/home/boris/workspace/ov_fork/src/open_vins/ov_msckf/src/state/State.h:152:99:[m[K [01;31m[Kerror: [m[Kexpected unqualified-id before ‘[01m[K>[m[K’ token
  152 |   std::map<double, std::pair<std::shared_ptr<ov_type::PoseJPL>, std::shared_ptr<ov_type::PoseJPL>>[01;31m[K>>[m[K _clones_IMU;
      |                                                                                                   [01;31m[K^~[m[K
[01m[K/home/boris/workspace/ov_fork/src/open_vins/ov_msckf/src/state/State.h:[m[K In member function ‘[01m[Kdouble ov_msckf::State::margtimestep()[m[K’:
[01m[K/home/boris/workspace/ov_fork/src/open_vins/ov_msckf/src/state/State.h:71:34:[m[K [01;31m[Kerror: [m[K‘[01m[K_clones_IMU[m[K’ was not declared in this scope; did you mean ‘[01m[Kclone_imu[m[K’?
   71 |     for (const auto &clone_imu : [01;31m[K_clones_IMU[m[K) {
      |                                  [01;31m[K^~~~~~~~~~~[m[K
      |                                  [32m[Kclone_imu[m[K
In file included from [01m[K/home/boris/workspace/ov_fork/src/open_vins/ov_msckf/src/state/StateHelper.cpp:24[m[K:
[01m[K/home/boris/workspace/ov_fork/src/open_vins/ov_msckf/src/state/State.h:152:99:[m[K [01;31m[Kerror: [m[Kexpected unqualified-id before ‘[01m[K>[m[K’ token
  152 | ed_ptr<ov_type::PoseJPL>, std::shared_ptr<ov_type::PoseJPL>>[01;31m[K>>[m[K _clones_IMU;
      |                                                             [01;31m[K^~[m[K

[01m[K/home/boris/workspace/ov_fork/src/open_vins/ov_msckf/src/state/State.h:[m[K In member function ‘[01m[Kdouble ov_msckf::State::margtimestep()[m[K’:
[01m[K/home/boris/workspace/ov_fork/src/open_vins/ov_msckf/src/state/State.h:71:34:[m[K [01;31m[Kerror: [m[K‘[01m[K_clones_IMU[m[K’ was not declared in this scope; did you mean ‘[01m[Kclone_imu[m[K’?
   71 |     for (const auto &clone_imu : [01;31m[K_clones_IMU[m[K) {
      |                                  [01;31m[K^~~~~~~~~~~[m[K
      |                                  [32m[Kclone_imu[m[K
[01m[K/home/boris/workspace/ov_fork/src/open_vins/ov_msckf/src/state/StateHelper.cpp:[m[K In static member function ‘[01m[Kstatic void ov_msckf::StateHelper::augment_clone(std::shared_ptr<ov_msckf::State>, Eigen::Matrix<double, 3, 1>, const ov_core::GimbalData&)[m[K’:
[01m[K/home/boris/workspace/ov_fork/src/open_vins/ov_msckf/src/state/StateHelper.cpp:584:14:[m[K [01;31m[Kerror: [m[K‘[01m[Kusing element_type = class ov_msckf::State[m[K’ {aka ‘[01m[Kclass ov_msckf::State[m[K’} has no member named ‘[01m[K_clones_IMU[m[K’
  584 |   if (state->[01;31m[K_clones_IMU[m[K.find(state->_timestamp) != state->_clones_IMU.end()) {
      |              [01;31m[K^~~~~~~~~~~[m[K
[01m[K/home/boris/workspace/ov_fork/src/open_vins/ov_msckf/src/state/StateHelper.cpp:584:60:[m[K [01;31m[Kerror: [m[K‘[01m[Kusing element_type = class ov_msckf::State[m[K’ {aka ‘[01m[Kclass ov_msckf::State[m[K’} has no member named ‘[01m[K_clones_IMU[m[K’
  584 |   if (state->_clones_IMU.find(state->_timestamp) != state->[01;31m[K_clones_IMU[m[K.end()) {
      |                                                            [01;31m[K^~~~~~~~~~~[m[K
[01m[K/home/boris/workspace/ov_fork/src/open_vins/ov_msckf/src/state/StateHelper.cpp:605:52:[m[K [01;31m[Kerror: [m[Kexpected primary-expression before ‘[01m[K)[m[K’ token
  605 |   auto gimbal_rot_ptr = std::make_shared<PoseJPL>>([01;31m[K)[m[K;
      |                                                    [01;31m[K^[m[K
[01m[K/home/boris/workspace/ov_fork/src/open_vins/ov_msckf/src/state/StateHelper.cpp:610:10:[m[K [01;31m[Kerror: [m[K‘[01m[Kusing element_type = class ov_msckf::State[m[K’ {aka ‘[01m[Kclass ov_msckf::State[m[K’} has no member named ‘[01m[K_clones_IMU[m[K’
  610 |   state->[01;31m[K_clones_IMU[m[K[state->_timestamp] = {pose, gimbal_rot_ptr};  // TODO: gimbal rotation at that clone time
      |          [01;31m[K^~~~~~~~~~~[m[K
[01m[K/home/boris/workspace/ov_fork/src/open_vins/ov_msckf/src/state/StateHelper.cpp:[m[K In static member function ‘[01m[Kstatic void ov_msckf::StateHelper::marginalize_old_clone(std::shared_ptr<ov_msckf::State>)[m[K’:
[01m[K/home/boris/workspace/ov_fork/src/open_vins/ov_msckf/src/state/StateHelper.cpp:630:19:[m[K [01;31m[Kerror: [m[K‘[01m[Kusing element_type = class ov_msckf::State[m[K’ {aka ‘[01m[Kclass ov_msckf::State[m[K’} has no member named ‘[01m[K_clones_IMU[m[K’
  630 |   if ((int)state->[01;31m[K_clones_IMU[m[K.size() > state->_options.max_clone_size) {
      |                   [01;31m[K^~~~~~~~~~~[m[K
[01m[K/home/boris/workspace/ov_fork/src/open_vins/ov_msckf/src/state/StateHelper.cpp:635:44:[m[K [01;31m[Kerror: [m[K‘[01m[Kusing element_type = class ov_msckf::State[m[K’ {aka ‘[01m[Kclass ov_msckf::State[m[K’} has no member named ‘[01m[K_clones_IMU[m[K’
  635 |     StateHelper::marginalize(state, state->[01;31m[K_clones_IMU[m[K.at(marginal_time).first);
      |                                            [01;31m[K^~~~~~~~~~~[m[K
[01m[K/home/boris/workspace/ov_fork/src/open_vins/ov_msckf/src/state/StateHelper.cpp:636:44:[m[K [01;31m[Kerror: [m[K‘[01m[Kusing element_type = class ov_msckf::State[m[K’ {aka ‘[01m[Kclass ov_msckf::State[m[K’} has no member named ‘[01m[K_clones_IMU[m[K’
  636 |     StateHelper::marginalize(state, state->[01;31m[K_clones_IMU[m[K.at(marginal_time).second);
      |                                            [01;31m[K^~~~~~~~~~~[m[K
[01m[K/home/boris/workspace/ov_fork/src/open_vins/ov_msckf/src/state/StateHelper.cpp:639:12:[m[K [01;31m[Kerror: [m[K‘[01m[Kusing element_type = class ov_msckf::State[m[K’ {aka ‘[01m[Kclass ov_msckf::State[m[K’} has no member named ‘[01m[K_clones_IMU[m[K’
  639 |     state->[01;31m[K_clones_IMU[m[K.erase(marginal_time);
      |            [01;31m[K^~~~~~~~~~~[m[K
In file included from [01m[K/home/boris/workspace/ov_fork/src/open_vins/ov_msckf/src/sim/Simulator.cpp:28[m[K:
[01m[K/home/boris/workspace/ov_fork/src/open_vins/ov_msckf/src/state/State.h:152:99:[m[K [01;31m[Kerror: [m[Kexpected unqualified-id before ‘[01m[K>[m[K’ token
  152 |   std::map<double, std::pair<std::shared_ptr<ov_type::PoseJPL>, std::shared_ptr<ov_type::PoseJPL>>[01;31m[K>>[m[K _clones_IMU;
      |                                                                                                   [01;31m[K^~[m[K
[01m[K/home/boris/workspace/ov_fork/src/open_vins/ov_msckf/src/state/State.h:[m[K In member function ‘[01m[Kdouble ov_msckf::State::margtimestep()[m[K’:
[01m[K/home/boris/workspace/ov_fork/src/open_vins/ov_msckf/src/state/State.h:71:34:[m[K [01;31m[Kerror: [m[K‘[01m[K_clones_IMU[m[K’ was not declared in this scope; did you mean ‘[01m[Kclone_imu[m[K’?
   71 |     for (const auto &clone_imu : [01;31m[K_clones_IMU[m[K) {
      |                                  [01;31m[K^~~~~~~~~~~[m[K
      |                                  [32m[Kclone_imu[m[K
gmake[2]: *** [CMakeFiles/ov_msckf_lib.dir/build.make:104: CMakeFiles/ov_msckf_lib.dir/src/state/State.cpp.o] Error 1
gmake[2]: *** Waiting for unfinished jobs....
gmake[2]: *** [CMakeFiles/ov_msckf_lib.dir/build.make:118: CMakeFiles/ov_msckf_lib.dir/src/state/StateHelper.cpp.o] Error 1
gmake[2]: *** [CMakeFiles/ov_msckf_lib.dir/build.make:90: CMakeFiles/ov_msckf_lib.dir/src/sim/Simulator.cpp.o] Error 1
gmake[1]: *** [CMakeFiles/Makefile2:145: CMakeFiles/ov_msckf_lib.dir/all] Error 2
gmake: *** [Makefile:146: all] Error 2
