[0.064s] DEBUG:colcon:Command line arguments: ['/usr/bin/colcon', 'build', '--packages-select', 'ov_msckf']
[0.064s] DEBUG:colcon:Parsed command line arguments: Namespace(log_base=None, log_level=None, verb_name='build', build_base='build', install_base='install', merge_install=False, symlink_install=False, test_result_base=None, continue_on_error=False, executor='parallel', parallel_workers=16, event_handlers=None, ignore_user_meta=False, metas=['./colcon.meta'], base_paths=['.'], packages_ignore=None, packages_ignore_regex=None, paths=None, packages_up_to=None, packages_up_to_regex=None, packages_above=None, packages_above_and_dependencies=None, packages_above_depth=None, packages_select_by_dep=None, packages_skip_by_dep=None, packages_skip_up_to=None, packages_select_build_failed=False, packages_skip_build_finished=False, packages_select_test_failures=False, packages_skip_test_passed=False, packages_select=['ov_msckf'], packages_skip=None, packages_select_regex=None, packages_skip_regex=None, packages_start=None, packages_end=None, allow_overriding=[], cmake_args=None, cmake_target=None, cmake_target_skip_unavailable=False, cmake_clean_cache=False, cmake_clean_first=False, cmake_force_configure=False, ament_cmake_args=None, catkin_cmake_args=None, catkin_skip_building_tests=False, mixin_files=None, mixin=None, verb_parser=<colcon_mixin.mixin.mixin_argument.MixinArgumentDecorator object at 0x7d9bddc9dab0>, verb_extension=<colcon_core.verb.build.BuildVerb object at 0x7d9bddc9d030>, main=<bound method BuildVerb.main of <colcon_core.verb.build.BuildVerb object at 0x7d9bddc9d030>>, mixin_verb=('build',))
[0.160s] Level 1:colcon.colcon_core.package_discovery:discover_packages(colcon_meta) check parameters
[0.160s] Level 1:colcon.colcon_core.package_discovery:discover_packages(recursive) check parameters
[0.160s] Level 1:colcon.colcon_core.package_discovery:discover_packages(ignore) check parameters
[0.160s] Level 1:colcon.colcon_core.package_discovery:discover_packages(path) check parameters
[0.160s] Level 1:colcon.colcon_core.package_discovery:discover_packages(colcon_meta) discover
[0.160s] Level 1:colcon.colcon_core.package_discovery:discover_packages(recursive) discover
[0.160s] INFO:colcon.colcon_core.package_discovery:Crawling recursively for packages in '/home/boris/workspace/ov_fork/src/open_vins'
[0.160s] Level 1:colcon.colcon_core.package_identification:_identify(.) by extensions ['ignore', 'ignore_ament_install']
[0.160s] Level 1:colcon.colcon_core.package_identification:_identify(.) by extension 'ignore'
[0.160s] Level 1:colcon.colcon_core.package_identification:_identify(.) by extension 'ignore_ament_install'
[0.160s] Level 1:colcon.colcon_core.package_identification:_identify(.) by extensions ['colcon_pkg']
[0.160s] Level 1:colcon.colcon_core.package_identification:_identify(.) by extension 'colcon_pkg'
[0.160s] Level 1:colcon.colcon_core.package_identification:_identify(.) by extensions ['colcon_meta']
[0.160s] Level 1:colcon.colcon_core.package_identification:_identify(.) by extension 'colcon_meta'
[0.160s] Level 1:colcon.colcon_core.package_identification:_identify(.) by extensions ['ros']
[0.160s] Level 1:colcon.colcon_core.package_identification:_identify(.) by extension 'ros'
[0.182s] Level 1:colcon.colcon_core.package_identification:_identify(.) by extensions ['cmake', 'python']
[0.182s] Level 1:colcon.colcon_core.package_identification:_identify(.) by extension 'cmake'
[0.182s] Level 1:colcon.colcon_core.package_identification:_identify(.) by extension 'python'
[0.182s] Level 1:colcon.colcon_core.package_identification:_identify(.) by extensions ['python_setup_py']
[0.182s] Level 1:colcon.colcon_core.package_identification:_identify(.) by extension 'python_setup_py'
[0.182s] Level 1:colcon.colcon_core.package_identification:_identify(build) by extensions ['ignore', 'ignore_ament_install']
[0.182s] Level 1:colcon.colcon_core.package_identification:_identify(build) by extension 'ignore'
[0.182s] Level 1:colcon.colcon_core.package_identification:_identify(build) ignored
[0.182s] Level 1:colcon.colcon_core.package_identification:_identify(config) by extensions ['ignore', 'ignore_ament_install']
[0.182s] Level 1:colcon.colcon_core.package_identification:_identify(config) by extension 'ignore'
[0.182s] Level 1:colcon.colcon_core.package_identification:_identify(config) by extension 'ignore_ament_install'
[0.182s] Level 1:colcon.colcon_core.package_identification:_identify(config) by extensions ['colcon_pkg']
[0.182s] Level 1:colcon.colcon_core.package_identification:_identify(config) by extension 'colcon_pkg'
[0.182s] Level 1:colcon.colcon_core.package_identification:_identify(config) by extensions ['colcon_meta']
[0.182s] Level 1:colcon.colcon_core.package_identification:_identify(config) by extension 'colcon_meta'
[0.182s] Level 1:colcon.colcon_core.package_identification:_identify(config) by extensions ['ros']
[0.182s] Level 1:colcon.colcon_core.package_identification:_identify(config) by extension 'ros'
[0.182s] Level 1:colcon.colcon_core.package_identification:_identify(config) by extensions ['cmake', 'python']
[0.182s] Level 1:colcon.colcon_core.package_identification:_identify(config) by extension 'cmake'
[0.182s] Level 1:colcon.colcon_core.package_identification:_identify(config) by extension 'python'
[0.182s] Level 1:colcon.colcon_core.package_identification:_identify(config) by extensions ['python_setup_py']
[0.182s] Level 1:colcon.colcon_core.package_identification:_identify(config) by extension 'python_setup_py'
[0.182s] Level 1:colcon.colcon_core.package_identification:_identify(config/euroc_mav) by extensions ['ignore', 'ignore_ament_install']
[0.182s] Level 1:colcon.colcon_core.package_identification:_identify(config/euroc_mav) by extension 'ignore'
[0.183s] Level 1:colcon.colcon_core.package_identification:_identify(config/euroc_mav) by extension 'ignore_ament_install'
[0.183s] Level 1:colcon.colcon_core.package_identification:_identify(config/euroc_mav) by extensions ['colcon_pkg']
[0.183s] Level 1:colcon.colcon_core.package_identification:_identify(config/euroc_mav) by extension 'colcon_pkg'
[0.183s] Level 1:colcon.colcon_core.package_identification:_identify(config/euroc_mav) by extensions ['colcon_meta']
[0.183s] Level 1:colcon.colcon_core.package_identification:_identify(config/euroc_mav) by extension 'colcon_meta'
[0.183s] Level 1:colcon.colcon_core.package_identification:_identify(config/euroc_mav) by extensions ['ros']
[0.183s] Level 1:colcon.colcon_core.package_identification:_identify(config/euroc_mav) by extension 'ros'
[0.183s] Level 1:colcon.colcon_core.package_identification:_identify(config/euroc_mav) by extensions ['cmake', 'python']
[0.183s] Level 1:colcon.colcon_core.package_identification:_identify(config/euroc_mav) by extension 'cmake'
[0.183s] Level 1:colcon.colcon_core.package_identification:_identify(config/euroc_mav) by extension 'python'
[0.183s] Level 1:colcon.colcon_core.package_identification:_identify(config/euroc_mav) by extensions ['python_setup_py']
[0.183s] Level 1:colcon.colcon_core.package_identification:_identify(config/euroc_mav) by extension 'python_setup_py'
[0.183s] Level 1:colcon.colcon_core.package_identification:_identify(config/kaist) by extensions ['ignore', 'ignore_ament_install']
[0.183s] Level 1:colcon.colcon_core.package_identification:_identify(config/kaist) by extension 'ignore'
[0.183s] Level 1:colcon.colcon_core.package_identification:_identify(config/kaist) by extension 'ignore_ament_install'
[0.183s] Level 1:colcon.colcon_core.package_identification:_identify(config/kaist) by extensions ['colcon_pkg']
[0.183s] Level 1:colcon.colcon_core.package_identification:_identify(config/kaist) by extension 'colcon_pkg'
[0.183s] Level 1:colcon.colcon_core.package_identification:_identify(config/kaist) by extensions ['colcon_meta']
[0.183s] Level 1:colcon.colcon_core.package_identification:_identify(config/kaist) by extension 'colcon_meta'
[0.183s] Level 1:colcon.colcon_core.package_identification:_identify(config/kaist) by extensions ['ros']
[0.183s] Level 1:colcon.colcon_core.package_identification:_identify(config/kaist) by extension 'ros'
[0.183s] Level 1:colcon.colcon_core.package_identification:_identify(config/kaist) by extensions ['cmake', 'python']
[0.183s] Level 1:colcon.colcon_core.package_identification:_identify(config/kaist) by extension 'cmake'
[0.183s] Level 1:colcon.colcon_core.package_identification:_identify(config/kaist) by extension 'python'
[0.183s] Level 1:colcon.colcon_core.package_identification:_identify(config/kaist) by extensions ['python_setup_py']
[0.183s] Level 1:colcon.colcon_core.package_identification:_identify(config/kaist) by extension 'python_setup_py'
[0.183s] Level 1:colcon.colcon_core.package_identification:_identify(config/kaist_vio) by extensions ['ignore', 'ignore_ament_install']
[0.183s] Level 1:colcon.colcon_core.package_identification:_identify(config/kaist_vio) by extension 'ignore'
[0.183s] Level 1:colcon.colcon_core.package_identification:_identify(config/kaist_vio) by extension 'ignore_ament_install'
[0.183s] Level 1:colcon.colcon_core.package_identification:_identify(config/kaist_vio) by extensions ['colcon_pkg']
[0.183s] Level 1:colcon.colcon_core.package_identification:_identify(config/kaist_vio) by extension 'colcon_pkg'
[0.183s] Level 1:colcon.colcon_core.package_identification:_identify(config/kaist_vio) by extensions ['colcon_meta']
[0.183s] Level 1:colcon.colcon_core.package_identification:_identify(config/kaist_vio) by extension 'colcon_meta'
[0.183s] Level 1:colcon.colcon_core.package_identification:_identify(config/kaist_vio) by extensions ['ros']
[0.183s] Level 1:colcon.colcon_core.package_identification:_identify(config/kaist_vio) by extension 'ros'
[0.183s] Level 1:colcon.colcon_core.package_identification:_identify(config/kaist_vio) by extensions ['cmake', 'python']
[0.183s] Level 1:colcon.colcon_core.package_identification:_identify(config/kaist_vio) by extension 'cmake'
[0.183s] Level 1:colcon.colcon_core.package_identification:_identify(config/kaist_vio) by extension 'python'
[0.183s] Level 1:colcon.colcon_core.package_identification:_identify(config/kaist_vio) by extensions ['python_setup_py']
[0.183s] Level 1:colcon.colcon_core.package_identification:_identify(config/kaist_vio) by extension 'python_setup_py'
[0.183s] Level 1:colcon.colcon_core.package_identification:_identify(config/rpng_aruco) by extensions ['ignore', 'ignore_ament_install']
[0.183s] Level 1:colcon.colcon_core.package_identification:_identify(config/rpng_aruco) by extension 'ignore'
[0.183s] Level 1:colcon.colcon_core.package_identification:_identify(config/rpng_aruco) by extension 'ignore_ament_install'
[0.183s] Level 1:colcon.colcon_core.package_identification:_identify(config/rpng_aruco) by extensions ['colcon_pkg']
[0.183s] Level 1:colcon.colcon_core.package_identification:_identify(config/rpng_aruco) by extension 'colcon_pkg'
[0.183s] Level 1:colcon.colcon_core.package_identification:_identify(config/rpng_aruco) by extensions ['colcon_meta']
[0.183s] Level 1:colcon.colcon_core.package_identification:_identify(config/rpng_aruco) by extension 'colcon_meta'
[0.183s] Level 1:colcon.colcon_core.package_identification:_identify(config/rpng_aruco) by extensions ['ros']
[0.183s] Level 1:colcon.colcon_core.package_identification:_identify(config/rpng_aruco) by extension 'ros'
[0.184s] Level 1:colcon.colcon_core.package_identification:_identify(config/rpng_aruco) by extensions ['cmake', 'python']
[0.184s] Level 1:colcon.colcon_core.package_identification:_identify(config/rpng_aruco) by extension 'cmake'
[0.184s] Level 1:colcon.colcon_core.package_identification:_identify(config/rpng_aruco) by extension 'python'
[0.184s] Level 1:colcon.colcon_core.package_identification:_identify(config/rpng_aruco) by extensions ['python_setup_py']
[0.184s] Level 1:colcon.colcon_core.package_identification:_identify(config/rpng_aruco) by extension 'python_setup_py'
[0.184s] Level 1:colcon.colcon_core.package_identification:_identify(config/rpng_ironsides) by extensions ['ignore', 'ignore_ament_install']
[0.184s] Level 1:colcon.colcon_core.package_identification:_identify(config/rpng_ironsides) by extension 'ignore'
[0.184s] Level 1:colcon.colcon_core.package_identification:_identify(config/rpng_ironsides) by extension 'ignore_ament_install'
[0.184s] Level 1:colcon.colcon_core.package_identification:_identify(config/rpng_ironsides) by extensions ['colcon_pkg']
[0.184s] Level 1:colcon.colcon_core.package_identification:_identify(config/rpng_ironsides) by extension 'colcon_pkg'
[0.184s] Level 1:colcon.colcon_core.package_identification:_identify(config/rpng_ironsides) by extensions ['colcon_meta']
[0.184s] Level 1:colcon.colcon_core.package_identification:_identify(config/rpng_ironsides) by extension 'colcon_meta'
[0.184s] Level 1:colcon.colcon_core.package_identification:_identify(config/rpng_ironsides) by extensions ['ros']
[0.184s] Level 1:colcon.colcon_core.package_identification:_identify(config/rpng_ironsides) by extension 'ros'
[0.184s] Level 1:colcon.colcon_core.package_identification:_identify(config/rpng_ironsides) by extensions ['cmake', 'python']
[0.184s] Level 1:colcon.colcon_core.package_identification:_identify(config/rpng_ironsides) by extension 'cmake'
[0.184s] Level 1:colcon.colcon_core.package_identification:_identify(config/rpng_ironsides) by extension 'python'
[0.184s] Level 1:colcon.colcon_core.package_identification:_identify(config/rpng_ironsides) by extensions ['python_setup_py']
[0.184s] Level 1:colcon.colcon_core.package_identification:_identify(config/rpng_ironsides) by extension 'python_setup_py'
[0.184s] Level 1:colcon.colcon_core.package_identification:_identify(config/rpng_plane) by extensions ['ignore', 'ignore_ament_install']
[0.184s] Level 1:colcon.colcon_core.package_identification:_identify(config/rpng_plane) by extension 'ignore'
[0.184s] Level 1:colcon.colcon_core.package_identification:_identify(config/rpng_plane) by extension 'ignore_ament_install'
[0.184s] Level 1:colcon.colcon_core.package_identification:_identify(config/rpng_plane) by extensions ['colcon_pkg']
[0.184s] Level 1:colcon.colcon_core.package_identification:_identify(config/rpng_plane) by extension 'colcon_pkg'
[0.184s] Level 1:colcon.colcon_core.package_identification:_identify(config/rpng_plane) by extensions ['colcon_meta']
[0.184s] Level 1:colcon.colcon_core.package_identification:_identify(config/rpng_plane) by extension 'colcon_meta'
[0.184s] Level 1:colcon.colcon_core.package_identification:_identify(config/rpng_plane) by extensions ['ros']
[0.184s] Level 1:colcon.colcon_core.package_identification:_identify(config/rpng_plane) by extension 'ros'
[0.184s] Level 1:colcon.colcon_core.package_identification:_identify(config/rpng_plane) by extensions ['cmake', 'python']
[0.184s] Level 1:colcon.colcon_core.package_identification:_identify(config/rpng_plane) by extension 'cmake'
[0.184s] Level 1:colcon.colcon_core.package_identification:_identify(config/rpng_plane) by extension 'python'
[0.184s] Level 1:colcon.colcon_core.package_identification:_identify(config/rpng_plane) by extensions ['python_setup_py']
[0.184s] Level 1:colcon.colcon_core.package_identification:_identify(config/rpng_plane) by extension 'python_setup_py'
[0.184s] Level 1:colcon.colcon_core.package_identification:_identify(config/rpng_sim) by extensions ['ignore', 'ignore_ament_install']
[0.184s] Level 1:colcon.colcon_core.package_identification:_identify(config/rpng_sim) by extension 'ignore'
[0.184s] Level 1:colcon.colcon_core.package_identification:_identify(config/rpng_sim) by extension 'ignore_ament_install'
[0.184s] Level 1:colcon.colcon_core.package_identification:_identify(config/rpng_sim) by extensions ['colcon_pkg']
[0.184s] Level 1:colcon.colcon_core.package_identification:_identify(config/rpng_sim) by extension 'colcon_pkg'
[0.184s] Level 1:colcon.colcon_core.package_identification:_identify(config/rpng_sim) by extensions ['colcon_meta']
[0.184s] Level 1:colcon.colcon_core.package_identification:_identify(config/rpng_sim) by extension 'colcon_meta'
[0.184s] Level 1:colcon.colcon_core.package_identification:_identify(config/rpng_sim) by extensions ['ros']
[0.184s] Level 1:colcon.colcon_core.package_identification:_identify(config/rpng_sim) by extension 'ros'
[0.184s] Level 1:colcon.colcon_core.package_identification:_identify(config/rpng_sim) by extensions ['cmake', 'python']
[0.184s] Level 1:colcon.colcon_core.package_identification:_identify(config/rpng_sim) by extension 'cmake'
[0.184s] Level 1:colcon.colcon_core.package_identification:_identify(config/rpng_sim) by extension 'python'
[0.184s] Level 1:colcon.colcon_core.package_identification:_identify(config/rpng_sim) by extensions ['python_setup_py']
[0.184s] Level 1:colcon.colcon_core.package_identification:_identify(config/rpng_sim) by extension 'python_setup_py'
[0.185s] Level 1:colcon.colcon_core.package_identification:_identify(config/rs_d455) by extensions ['ignore', 'ignore_ament_install']
[0.185s] Level 1:colcon.colcon_core.package_identification:_identify(config/rs_d455) by extension 'ignore'
[0.185s] Level 1:colcon.colcon_core.package_identification:_identify(config/rs_d455) by extension 'ignore_ament_install'
[0.185s] Level 1:colcon.colcon_core.package_identification:_identify(config/rs_d455) by extensions ['colcon_pkg']
[0.185s] Level 1:colcon.colcon_core.package_identification:_identify(config/rs_d455) by extension 'colcon_pkg'
[0.185s] Level 1:colcon.colcon_core.package_identification:_identify(config/rs_d455) by extensions ['colcon_meta']
[0.185s] Level 1:colcon.colcon_core.package_identification:_identify(config/rs_d455) by extension 'colcon_meta'
[0.185s] Level 1:colcon.colcon_core.package_identification:_identify(config/rs_d455) by extensions ['ros']
[0.185s] Level 1:colcon.colcon_core.package_identification:_identify(config/rs_d455) by extension 'ros'
[0.185s] Level 1:colcon.colcon_core.package_identification:_identify(config/rs_d455) by extensions ['cmake', 'python']
[0.185s] Level 1:colcon.colcon_core.package_identification:_identify(config/rs_d455) by extension 'cmake'
[0.185s] Level 1:colcon.colcon_core.package_identification:_identify(config/rs_d455) by extension 'python'
[0.185s] Level 1:colcon.colcon_core.package_identification:_identify(config/rs_d455) by extensions ['python_setup_py']
[0.185s] Level 1:colcon.colcon_core.package_identification:_identify(config/rs_d455) by extension 'python_setup_py'
[0.185s] Level 1:colcon.colcon_core.package_identification:_identify(config/rs_t265) by extensions ['ignore', 'ignore_ament_install']
[0.185s] Level 1:colcon.colcon_core.package_identification:_identify(config/rs_t265) by extension 'ignore'
[0.185s] Level 1:colcon.colcon_core.package_identification:_identify(config/rs_t265) by extension 'ignore_ament_install'
[0.185s] Level 1:colcon.colcon_core.package_identification:_identify(config/rs_t265) by extensions ['colcon_pkg']
[0.185s] Level 1:colcon.colcon_core.package_identification:_identify(config/rs_t265) by extension 'colcon_pkg'
[0.185s] Level 1:colcon.colcon_core.package_identification:_identify(config/rs_t265) by extensions ['colcon_meta']
[0.185s] Level 1:colcon.colcon_core.package_identification:_identify(config/rs_t265) by extension 'colcon_meta'
[0.185s] Level 1:colcon.colcon_core.package_identification:_identify(config/rs_t265) by extensions ['ros']
[0.185s] Level 1:colcon.colcon_core.package_identification:_identify(config/rs_t265) by extension 'ros'
[0.185s] Level 1:colcon.colcon_core.package_identification:_identify(config/rs_t265) by extensions ['cmake', 'python']
[0.185s] Level 1:colcon.colcon_core.package_identification:_identify(config/rs_t265) by extension 'cmake'
[0.185s] Level 1:colcon.colcon_core.package_identification:_identify(config/rs_t265) by extension 'python'
[0.185s] Level 1:colcon.colcon_core.package_identification:_identify(config/rs_t265) by extensions ['python_setup_py']
[0.185s] Level 1:colcon.colcon_core.package_identification:_identify(config/rs_t265) by extension 'python_setup_py'
[0.185s] Level 1:colcon.colcon_core.package_identification:_identify(config/tum_vi) by extensions ['ignore', 'ignore_ament_install']
[0.185s] Level 1:colcon.colcon_core.package_identification:_identify(config/tum_vi) by extension 'ignore'
[0.185s] Level 1:colcon.colcon_core.package_identification:_identify(config/tum_vi) by extension 'ignore_ament_install'
[0.185s] Level 1:colcon.colcon_core.package_identification:_identify(config/tum_vi) by extensions ['colcon_pkg']
[0.185s] Level 1:colcon.colcon_core.package_identification:_identify(config/tum_vi) by extension 'colcon_pkg'
[0.185s] Level 1:colcon.colcon_core.package_identification:_identify(config/tum_vi) by extensions ['colcon_meta']
[0.185s] Level 1:colcon.colcon_core.package_identification:_identify(config/tum_vi) by extension 'colcon_meta'
[0.185s] Level 1:colcon.colcon_core.package_identification:_identify(config/tum_vi) by extensions ['ros']
[0.185s] Level 1:colcon.colcon_core.package_identification:_identify(config/tum_vi) by extension 'ros'
[0.185s] Level 1:colcon.colcon_core.package_identification:_identify(config/tum_vi) by extensions ['cmake', 'python']
[0.185s] Level 1:colcon.colcon_core.package_identification:_identify(config/tum_vi) by extension 'cmake'
[0.185s] Level 1:colcon.colcon_core.package_identification:_identify(config/tum_vi) by extension 'python'
[0.185s] Level 1:colcon.colcon_core.package_identification:_identify(config/tum_vi) by extensions ['python_setup_py']
[0.185s] Level 1:colcon.colcon_core.package_identification:_identify(config/tum_vi) by extension 'python_setup_py'
[0.185s] Level 1:colcon.colcon_core.package_identification:_identify(config/uzhfpv_indoor) by extensions ['ignore', 'ignore_ament_install']
[0.185s] Level 1:colcon.colcon_core.package_identification:_identify(config/uzhfpv_indoor) by extension 'ignore'
[0.186s] Level 1:colcon.colcon_core.package_identification:_identify(config/uzhfpv_indoor) by extension 'ignore_ament_install'
[0.186s] Level 1:colcon.colcon_core.package_identification:_identify(config/uzhfpv_indoor) by extensions ['colcon_pkg']
[0.186s] Level 1:colcon.colcon_core.package_identification:_identify(config/uzhfpv_indoor) by extension 'colcon_pkg'
[0.186s] Level 1:colcon.colcon_core.package_identification:_identify(config/uzhfpv_indoor) by extensions ['colcon_meta']
[0.186s] Level 1:colcon.colcon_core.package_identification:_identify(config/uzhfpv_indoor) by extension 'colcon_meta'
[0.186s] Level 1:colcon.colcon_core.package_identification:_identify(config/uzhfpv_indoor) by extensions ['ros']
[0.186s] Level 1:colcon.colcon_core.package_identification:_identify(config/uzhfpv_indoor) by extension 'ros'
[0.186s] Level 1:colcon.colcon_core.package_identification:_identify(config/uzhfpv_indoor) by extensions ['cmake', 'python']
[0.186s] Level 1:colcon.colcon_core.package_identification:_identify(config/uzhfpv_indoor) by extension 'cmake'
[0.186s] Level 1:colcon.colcon_core.package_identification:_identify(config/uzhfpv_indoor) by extension 'python'
[0.186s] Level 1:colcon.colcon_core.package_identification:_identify(config/uzhfpv_indoor) by extensions ['python_setup_py']
[0.186s] Level 1:colcon.colcon_core.package_identification:_identify(config/uzhfpv_indoor) by extension 'python_setup_py'
[0.186s] Level 1:colcon.colcon_core.package_identification:_identify(config/uzhfpv_indoor_45) by extensions ['ignore', 'ignore_ament_install']
[0.186s] Level 1:colcon.colcon_core.package_identification:_identify(config/uzhfpv_indoor_45) by extension 'ignore'
[0.186s] Level 1:colcon.colcon_core.package_identification:_identify(config/uzhfpv_indoor_45) by extension 'ignore_ament_install'
[0.186s] Level 1:colcon.colcon_core.package_identification:_identify(config/uzhfpv_indoor_45) by extensions ['colcon_pkg']
[0.186s] Level 1:colcon.colcon_core.package_identification:_identify(config/uzhfpv_indoor_45) by extension 'colcon_pkg'
[0.186s] Level 1:colcon.colcon_core.package_identification:_identify(config/uzhfpv_indoor_45) by extensions ['colcon_meta']
[0.186s] Level 1:colcon.colcon_core.package_identification:_identify(config/uzhfpv_indoor_45) by extension 'colcon_meta'
[0.186s] Level 1:colcon.colcon_core.package_identification:_identify(config/uzhfpv_indoor_45) by extensions ['ros']
[0.186s] Level 1:colcon.colcon_core.package_identification:_identify(config/uzhfpv_indoor_45) by extension 'ros'
[0.186s] Level 1:colcon.colcon_core.package_identification:_identify(config/uzhfpv_indoor_45) by extensions ['cmake', 'python']
[0.186s] Level 1:colcon.colcon_core.package_identification:_identify(config/uzhfpv_indoor_45) by extension 'cmake'
[0.186s] Level 1:colcon.colcon_core.package_identification:_identify(config/uzhfpv_indoor_45) by extension 'python'
[0.186s] Level 1:colcon.colcon_core.package_identification:_identify(config/uzhfpv_indoor_45) by extensions ['python_setup_py']
[0.186s] Level 1:colcon.colcon_core.package_identification:_identify(config/uzhfpv_indoor_45) by extension 'python_setup_py'
[0.186s] Level 1:colcon.colcon_core.package_identification:_identify(config/uzhfpv_outdoor) by extensions ['ignore', 'ignore_ament_install']
[0.186s] Level 1:colcon.colcon_core.package_identification:_identify(config/uzhfpv_outdoor) by extension 'ignore'
[0.186s] Level 1:colcon.colcon_core.package_identification:_identify(config/uzhfpv_outdoor) by extension 'ignore_ament_install'
[0.186s] Level 1:colcon.colcon_core.package_identification:_identify(config/uzhfpv_outdoor) by extensions ['colcon_pkg']
[0.186s] Level 1:colcon.colcon_core.package_identification:_identify(config/uzhfpv_outdoor) by extension 'colcon_pkg'
[0.186s] Level 1:colcon.colcon_core.package_identification:_identify(config/uzhfpv_outdoor) by extensions ['colcon_meta']
[0.186s] Level 1:colcon.colcon_core.package_identification:_identify(config/uzhfpv_outdoor) by extension 'colcon_meta'
[0.186s] Level 1:colcon.colcon_core.package_identification:_identify(config/uzhfpv_outdoor) by extensions ['ros']
[0.186s] Level 1:colcon.colcon_core.package_identification:_identify(config/uzhfpv_outdoor) by extension 'ros'
[0.186s] Level 1:colcon.colcon_core.package_identification:_identify(config/uzhfpv_outdoor) by extensions ['cmake', 'python']
[0.186s] Level 1:colcon.colcon_core.package_identification:_identify(config/uzhfpv_outdoor) by extension 'cmake'
[0.186s] Level 1:colcon.colcon_core.package_identification:_identify(config/uzhfpv_outdoor) by extension 'python'
[0.186s] Level 1:colcon.colcon_core.package_identification:_identify(config/uzhfpv_outdoor) by extensions ['python_setup_py']
[0.186s] Level 1:colcon.colcon_core.package_identification:_identify(config/uzhfpv_outdoor) by extension 'python_setup_py'
[0.186s] Level 1:colcon.colcon_core.package_identification:_identify(config/uzhfpv_outdoor_45) by extensions ['ignore', 'ignore_ament_install']
[0.186s] Level 1:colcon.colcon_core.package_identification:_identify(config/uzhfpv_outdoor_45) by extension 'ignore'
[0.186s] Level 1:colcon.colcon_core.package_identification:_identify(config/uzhfpv_outdoor_45) by extension 'ignore_ament_install'
[0.186s] Level 1:colcon.colcon_core.package_identification:_identify(config/uzhfpv_outdoor_45) by extensions ['colcon_pkg']
[0.186s] Level 1:colcon.colcon_core.package_identification:_identify(config/uzhfpv_outdoor_45) by extension 'colcon_pkg'
[0.186s] Level 1:colcon.colcon_core.package_identification:_identify(config/uzhfpv_outdoor_45) by extensions ['colcon_meta']
[0.186s] Level 1:colcon.colcon_core.package_identification:_identify(config/uzhfpv_outdoor_45) by extension 'colcon_meta'
[0.187s] Level 1:colcon.colcon_core.package_identification:_identify(config/uzhfpv_outdoor_45) by extensions ['ros']
[0.187s] Level 1:colcon.colcon_core.package_identification:_identify(config/uzhfpv_outdoor_45) by extension 'ros'
[0.187s] Level 1:colcon.colcon_core.package_identification:_identify(config/uzhfpv_outdoor_45) by extensions ['cmake', 'python']
[0.187s] Level 1:colcon.colcon_core.package_identification:_identify(config/uzhfpv_outdoor_45) by extension 'cmake'
[0.187s] Level 1:colcon.colcon_core.package_identification:_identify(config/uzhfpv_outdoor_45) by extension 'python'
[0.187s] Level 1:colcon.colcon_core.package_identification:_identify(config/uzhfpv_outdoor_45) by extensions ['python_setup_py']
[0.187s] Level 1:colcon.colcon_core.package_identification:_identify(config/uzhfpv_outdoor_45) by extension 'python_setup_py'
[0.187s] Level 1:colcon.colcon_core.package_identification:_identify(config/varext_testrig) by extensions ['ignore', 'ignore_ament_install']
[0.187s] Level 1:colcon.colcon_core.package_identification:_identify(config/varext_testrig) by extension 'ignore'
[0.187s] Level 1:colcon.colcon_core.package_identification:_identify(config/varext_testrig) by extension 'ignore_ament_install'
[0.187s] Level 1:colcon.colcon_core.package_identification:_identify(config/varext_testrig) by extensions ['colcon_pkg']
[0.187s] Level 1:colcon.colcon_core.package_identification:_identify(config/varext_testrig) by extension 'colcon_pkg'
[0.187s] Level 1:colcon.colcon_core.package_identification:_identify(config/varext_testrig) by extensions ['colcon_meta']
[0.187s] Level 1:colcon.colcon_core.package_identification:_identify(config/varext_testrig) by extension 'colcon_meta'
[0.187s] Level 1:colcon.colcon_core.package_identification:_identify(config/varext_testrig) by extensions ['ros']
[0.187s] Level 1:colcon.colcon_core.package_identification:_identify(config/varext_testrig) by extension 'ros'
[0.187s] Level 1:colcon.colcon_core.package_identification:_identify(config/varext_testrig) by extensions ['cmake', 'python']
[0.187s] Level 1:colcon.colcon_core.package_identification:_identify(config/varext_testrig) by extension 'cmake'
[0.187s] Level 1:colcon.colcon_core.package_identification:_identify(config/varext_testrig) by extension 'python'
[0.187s] Level 1:colcon.colcon_core.package_identification:_identify(config/varext_testrig) by extensions ['python_setup_py']
[0.187s] Level 1:colcon.colcon_core.package_identification:_identify(config/varext_testrig) by extension 'python_setup_py'
[0.187s] Level 1:colcon.colcon_core.package_identification:_identify(docs) by extensions ['ignore', 'ignore_ament_install']
[0.187s] Level 1:colcon.colcon_core.package_identification:_identify(docs) by extension 'ignore'
[0.187s] Level 1:colcon.colcon_core.package_identification:_identify(docs) by extension 'ignore_ament_install'
[0.187s] Level 1:colcon.colcon_core.package_identification:_identify(docs) by extensions ['colcon_pkg']
[0.187s] Level 1:colcon.colcon_core.package_identification:_identify(docs) by extension 'colcon_pkg'
[0.187s] Level 1:colcon.colcon_core.package_identification:_identify(docs) by extensions ['colcon_meta']
[0.187s] Level 1:colcon.colcon_core.package_identification:_identify(docs) by extension 'colcon_meta'
[0.187s] Level 1:colcon.colcon_core.package_identification:_identify(docs) by extensions ['ros']
[0.187s] Level 1:colcon.colcon_core.package_identification:_identify(docs) by extension 'ros'
[0.187s] Level 1:colcon.colcon_core.package_identification:_identify(docs) by extensions ['cmake', 'python']
[0.187s] Level 1:colcon.colcon_core.package_identification:_identify(docs) by extension 'cmake'
[0.187s] Level 1:colcon.colcon_core.package_identification:_identify(docs) by extension 'python'
[0.187s] Level 1:colcon.colcon_core.package_identification:_identify(docs) by extensions ['python_setup_py']
[0.187s] Level 1:colcon.colcon_core.package_identification:_identify(docs) by extension 'python_setup_py'
[0.187s] Level 1:colcon.colcon_core.package_identification:_identify(docs/bib) by extensions ['ignore', 'ignore_ament_install']
[0.187s] Level 1:colcon.colcon_core.package_identification:_identify(docs/bib) by extension 'ignore'
[0.187s] Level 1:colcon.colcon_core.package_identification:_identify(docs/bib) by extension 'ignore_ament_install'
[0.187s] Level 1:colcon.colcon_core.package_identification:_identify(docs/bib) by extensions ['colcon_pkg']
[0.187s] Level 1:colcon.colcon_core.package_identification:_identify(docs/bib) by extension 'colcon_pkg'
[0.187s] Level 1:colcon.colcon_core.package_identification:_identify(docs/bib) by extensions ['colcon_meta']
[0.187s] Level 1:colcon.colcon_core.package_identification:_identify(docs/bib) by extension 'colcon_meta'
[0.187s] Level 1:colcon.colcon_core.package_identification:_identify(docs/bib) by extensions ['ros']
[0.187s] Level 1:colcon.colcon_core.package_identification:_identify(docs/bib) by extension 'ros'
[0.187s] Level 1:colcon.colcon_core.package_identification:_identify(docs/bib) by extensions ['cmake', 'python']
[0.187s] Level 1:colcon.colcon_core.package_identification:_identify(docs/bib) by extension 'cmake'
[0.187s] Level 1:colcon.colcon_core.package_identification:_identify(docs/bib) by extension 'python'
[0.187s] Level 1:colcon.colcon_core.package_identification:_identify(docs/bib) by extensions ['python_setup_py']
[0.188s] Level 1:colcon.colcon_core.package_identification:_identify(docs/bib) by extension 'python_setup_py'
[0.188s] Level 1:colcon.colcon_core.package_identification:_identify(docs/css) by extensions ['ignore', 'ignore_ament_install']
[0.188s] Level 1:colcon.colcon_core.package_identification:_identify(docs/css) by extension 'ignore'
[0.188s] Level 1:colcon.colcon_core.package_identification:_identify(docs/css) by extension 'ignore_ament_install'
[0.188s] Level 1:colcon.colcon_core.package_identification:_identify(docs/css) by extensions ['colcon_pkg']
[0.188s] Level 1:colcon.colcon_core.package_identification:_identify(docs/css) by extension 'colcon_pkg'
[0.188s] Level 1:colcon.colcon_core.package_identification:_identify(docs/css) by extensions ['colcon_meta']
[0.188s] Level 1:colcon.colcon_core.package_identification:_identify(docs/css) by extension 'colcon_meta'
[0.188s] Level 1:colcon.colcon_core.package_identification:_identify(docs/css) by extensions ['ros']
[0.188s] Level 1:colcon.colcon_core.package_identification:_identify(docs/css) by extension 'ros'
[0.188s] Level 1:colcon.colcon_core.package_identification:_identify(docs/css) by extensions ['cmake', 'python']
[0.188s] Level 1:colcon.colcon_core.package_identification:_identify(docs/css) by extension 'cmake'
[0.188s] Level 1:colcon.colcon_core.package_identification:_identify(docs/css) by extension 'python'
[0.188s] Level 1:colcon.colcon_core.package_identification:_identify(docs/css) by extensions ['python_setup_py']
[0.188s] Level 1:colcon.colcon_core.package_identification:_identify(docs/css) by extension 'python_setup_py'
[0.188s] Level 1:colcon.colcon_core.package_identification:_identify(docs/img) by extensions ['ignore', 'ignore_ament_install']
[0.188s] Level 1:colcon.colcon_core.package_identification:_identify(docs/img) by extension 'ignore'
[0.188s] Level 1:colcon.colcon_core.package_identification:_identify(docs/img) by extension 'ignore_ament_install'
[0.188s] Level 1:colcon.colcon_core.package_identification:_identify(docs/img) by extensions ['colcon_pkg']
[0.188s] Level 1:colcon.colcon_core.package_identification:_identify(docs/img) by extension 'colcon_pkg'
[0.188s] Level 1:colcon.colcon_core.package_identification:_identify(docs/img) by extensions ['colcon_meta']
[0.188s] Level 1:colcon.colcon_core.package_identification:_identify(docs/img) by extension 'colcon_meta'
[0.188s] Level 1:colcon.colcon_core.package_identification:_identify(docs/img) by extensions ['ros']
[0.188s] Level 1:colcon.colcon_core.package_identification:_identify(docs/img) by extension 'ros'
[0.188s] Level 1:colcon.colcon_core.package_identification:_identify(docs/img) by extensions ['cmake', 'python']
[0.188s] Level 1:colcon.colcon_core.package_identification:_identify(docs/img) by extension 'cmake'
[0.188s] Level 1:colcon.colcon_core.package_identification:_identify(docs/img) by extension 'python'
[0.188s] Level 1:colcon.colcon_core.package_identification:_identify(docs/img) by extensions ['python_setup_py']
[0.188s] Level 1:colcon.colcon_core.package_identification:_identify(docs/img) by extension 'python_setup_py'
[0.188s] Level 1:colcon.colcon_core.package_identification:_identify(docs/img/datasets) by extensions ['ignore', 'ignore_ament_install']
[0.188s] Level 1:colcon.colcon_core.package_identification:_identify(docs/img/datasets) by extension 'ignore'
[0.188s] Level 1:colcon.colcon_core.package_identification:_identify(docs/img/datasets) by extension 'ignore_ament_install'
[0.188s] Level 1:colcon.colcon_core.package_identification:_identify(docs/img/datasets) by extensions ['colcon_pkg']
[0.188s] Level 1:colcon.colcon_core.package_identification:_identify(docs/img/datasets) by extension 'colcon_pkg'
[0.188s] Level 1:colcon.colcon_core.package_identification:_identify(docs/img/datasets) by extensions ['colcon_meta']
[0.188s] Level 1:colcon.colcon_core.package_identification:_identify(docs/img/datasets) by extension 'colcon_meta'
[0.188s] Level 1:colcon.colcon_core.package_identification:_identify(docs/img/datasets) by extensions ['ros']
[0.188s] Level 1:colcon.colcon_core.package_identification:_identify(docs/img/datasets) by extension 'ros'
[0.188s] Level 1:colcon.colcon_core.package_identification:_identify(docs/img/datasets) by extensions ['cmake', 'python']
[0.188s] Level 1:colcon.colcon_core.package_identification:_identify(docs/img/datasets) by extension 'cmake'
[0.188s] Level 1:colcon.colcon_core.package_identification:_identify(docs/img/datasets) by extension 'python'
[0.188s] Level 1:colcon.colcon_core.package_identification:_identify(docs/img/datasets) by extensions ['python_setup_py']
[0.188s] Level 1:colcon.colcon_core.package_identification:_identify(docs/img/datasets) by extension 'python_setup_py'
[0.188s] Level 1:colcon.colcon_core.package_identification:_identify(docs/img/eval) by extensions ['ignore', 'ignore_ament_install']
[0.188s] Level 1:colcon.colcon_core.package_identification:_identify(docs/img/eval) by extension 'ignore'
[0.188s] Level 1:colcon.colcon_core.package_identification:_identify(docs/img/eval) by extension 'ignore_ament_install'
[0.189s] Level 1:colcon.colcon_core.package_identification:_identify(docs/img/eval) by extensions ['colcon_pkg']
[0.189s] Level 1:colcon.colcon_core.package_identification:_identify(docs/img/eval) by extension 'colcon_pkg'
[0.189s] Level 1:colcon.colcon_core.package_identification:_identify(docs/img/eval) by extensions ['colcon_meta']
[0.189s] Level 1:colcon.colcon_core.package_identification:_identify(docs/img/eval) by extension 'colcon_meta'
[0.189s] Level 1:colcon.colcon_core.package_identification:_identify(docs/img/eval) by extensions ['ros']
[0.189s] Level 1:colcon.colcon_core.package_identification:_identify(docs/img/eval) by extension 'ros'
[0.189s] Level 1:colcon.colcon_core.package_identification:_identify(docs/img/eval) by extensions ['cmake', 'python']
[0.189s] Level 1:colcon.colcon_core.package_identification:_identify(docs/img/eval) by extension 'cmake'
[0.189s] Level 1:colcon.colcon_core.package_identification:_identify(docs/img/eval) by extension 'python'
[0.189s] Level 1:colcon.colcon_core.package_identification:_identify(docs/img/eval) by extensions ['python_setup_py']
[0.189s] Level 1:colcon.colcon_core.package_identification:_identify(docs/img/eval) by extension 'python_setup_py'
[0.189s] Level 1:colcon.colcon_core.package_identification:_identify(docs/mcss_theme) by extensions ['ignore', 'ignore_ament_install']
[0.189s] Level 1:colcon.colcon_core.package_identification:_identify(docs/mcss_theme) by extension 'ignore'
[0.189s] Level 1:colcon.colcon_core.package_identification:_identify(docs/mcss_theme) by extension 'ignore_ament_install'
[0.189s] Level 1:colcon.colcon_core.package_identification:_identify(docs/mcss_theme) by extensions ['colcon_pkg']
[0.189s] Level 1:colcon.colcon_core.package_identification:_identify(docs/mcss_theme) by extension 'colcon_pkg'
[0.189s] Level 1:colcon.colcon_core.package_identification:_identify(docs/mcss_theme) by extensions ['colcon_meta']
[0.189s] Level 1:colcon.colcon_core.package_identification:_identify(docs/mcss_theme) by extension 'colcon_meta'
[0.189s] Level 1:colcon.colcon_core.package_identification:_identify(docs/mcss_theme) by extensions ['ros']
[0.189s] Level 1:colcon.colcon_core.package_identification:_identify(docs/mcss_theme) by extension 'ros'
[0.189s] Level 1:colcon.colcon_core.package_identification:_identify(docs/mcss_theme) by extensions ['cmake', 'python']
[0.189s] Level 1:colcon.colcon_core.package_identification:_identify(docs/mcss_theme) by extension 'cmake'
[0.189s] Level 1:colcon.colcon_core.package_identification:_identify(docs/mcss_theme) by extension 'python'
[0.189s] Level 1:colcon.colcon_core.package_identification:_identify(docs/mcss_theme) by extensions ['python_setup_py']
[0.189s] Level 1:colcon.colcon_core.package_identification:_identify(docs/mcss_theme) by extension 'python_setup_py'
[0.189s] Level 1:colcon.colcon_core.package_identification:_identify(docs/youtube) by extensions ['ignore', 'ignore_ament_install']
[0.189s] Level 1:colcon.colcon_core.package_identification:_identify(docs/youtube) by extension 'ignore'
[0.189s] Level 1:colcon.colcon_core.package_identification:_identify(docs/youtube) by extension 'ignore_ament_install'
[0.189s] Level 1:colcon.colcon_core.package_identification:_identify(docs/youtube) by extensions ['colcon_pkg']
[0.189s] Level 1:colcon.colcon_core.package_identification:_identify(docs/youtube) by extension 'colcon_pkg'
[0.189s] Level 1:colcon.colcon_core.package_identification:_identify(docs/youtube) by extensions ['colcon_meta']
[0.189s] Level 1:colcon.colcon_core.package_identification:_identify(docs/youtube) by extension 'colcon_meta'
[0.189s] Level 1:colcon.colcon_core.package_identification:_identify(docs/youtube) by extensions ['ros']
[0.189s] Level 1:colcon.colcon_core.package_identification:_identify(docs/youtube) by extension 'ros'
[0.189s] Level 1:colcon.colcon_core.package_identification:_identify(docs/youtube) by extensions ['cmake', 'python']
[0.189s] Level 1:colcon.colcon_core.package_identification:_identify(docs/youtube) by extension 'cmake'
[0.189s] Level 1:colcon.colcon_core.package_identification:_identify(docs/youtube) by extension 'python'
[0.189s] Level 1:colcon.colcon_core.package_identification:_identify(docs/youtube) by extensions ['python_setup_py']
[0.189s] Level 1:colcon.colcon_core.package_identification:_identify(docs/youtube) by extension 'python_setup_py'
[0.189s] Level 1:colcon.colcon_core.package_identification:_identify(install) by extensions ['ignore', 'ignore_ament_install']
[0.189s] Level 1:colcon.colcon_core.package_identification:_identify(install) by extension 'ignore'
[0.189s] Level 1:colcon.colcon_core.package_identification:_identify(install) ignored
[0.189s] Level 1:colcon.colcon_core.package_identification:_identify(log) by extensions ['ignore', 'ignore_ament_install']
[0.189s] Level 1:colcon.colcon_core.package_identification:_identify(log) by extension 'ignore'
[0.189s] Level 1:colcon.colcon_core.package_identification:_identify(log) ignored
[0.190s] Level 1:colcon.colcon_core.package_identification:_identify(ov_core) by extensions ['ignore', 'ignore_ament_install']
[0.190s] Level 1:colcon.colcon_core.package_identification:_identify(ov_core) by extension 'ignore'
[0.190s] Level 1:colcon.colcon_core.package_identification:_identify(ov_core) by extension 'ignore_ament_install'
[0.190s] Level 1:colcon.colcon_core.package_identification:_identify(ov_core) by extensions ['colcon_pkg']
[0.190s] Level 1:colcon.colcon_core.package_identification:_identify(ov_core) by extension 'colcon_pkg'
[0.190s] Level 1:colcon.colcon_core.package_identification:_identify(ov_core) by extensions ['colcon_meta']
[0.190s] Level 1:colcon.colcon_core.package_identification:_identify(ov_core) by extension 'colcon_meta'
[0.190s] Level 1:colcon.colcon_core.package_identification:_identify(ov_core) by extensions ['ros']
[0.190s] Level 1:colcon.colcon_core.package_identification:_identify(ov_core) by extension 'ros'
[0.196s] DEBUG:colcon.colcon_core.package_identification:Package 'ov_core' with type 'ros.ament_cmake' and name 'ov_core'
[0.197s] Level 1:colcon.colcon_core.package_identification:_identify(ov_data) by extensions ['ignore', 'ignore_ament_install']
[0.197s] Level 1:colcon.colcon_core.package_identification:_identify(ov_data) by extension 'ignore'
[0.197s] Level 1:colcon.colcon_core.package_identification:_identify(ov_data) by extension 'ignore_ament_install'
[0.197s] Level 1:colcon.colcon_core.package_identification:_identify(ov_data) by extensions ['colcon_pkg']
[0.197s] Level 1:colcon.colcon_core.package_identification:_identify(ov_data) by extension 'colcon_pkg'
[0.197s] Level 1:colcon.colcon_core.package_identification:_identify(ov_data) by extensions ['colcon_meta']
[0.197s] Level 1:colcon.colcon_core.package_identification:_identify(ov_data) by extension 'colcon_meta'
[0.197s] Level 1:colcon.colcon_core.package_identification:_identify(ov_data) by extensions ['ros']
[0.197s] Level 1:colcon.colcon_core.package_identification:_identify(ov_data) by extension 'ros'
[0.198s] DEBUG:colcon.colcon_core.package_identification:Package 'ov_data' with type 'ros.ament_cmake' and name 'ov_data'
[0.198s] Level 1:colcon.colcon_core.package_identification:_identify(ov_eval) by extensions ['ignore', 'ignore_ament_install']
[0.198s] Level 1:colcon.colcon_core.package_identification:_identify(ov_eval) by extension 'ignore'
[0.198s] Level 1:colcon.colcon_core.package_identification:_identify(ov_eval) by extension 'ignore_ament_install'
[0.198s] Level 1:colcon.colcon_core.package_identification:_identify(ov_eval) by extensions ['colcon_pkg']
[0.198s] Level 1:colcon.colcon_core.package_identification:_identify(ov_eval) by extension 'colcon_pkg'
[0.198s] Level 1:colcon.colcon_core.package_identification:_identify(ov_eval) by extensions ['colcon_meta']
[0.198s] Level 1:colcon.colcon_core.package_identification:_identify(ov_eval) by extension 'colcon_meta'
[0.198s] Level 1:colcon.colcon_core.package_identification:_identify(ov_eval) by extensions ['ros']
[0.198s] Level 1:colcon.colcon_core.package_identification:_identify(ov_eval) by extension 'ros'
[0.203s] DEBUG:colcon.colcon_core.package_identification:Package 'ov_eval' with type 'ros.ament_cmake' and name 'ov_eval'
[0.203s] Level 1:colcon.colcon_core.package_identification:_identify(ov_init) by extensions ['ignore', 'ignore_ament_install']
[0.203s] Level 1:colcon.colcon_core.package_identification:_identify(ov_init) by extension 'ignore'
[0.203s] Level 1:colcon.colcon_core.package_identification:_identify(ov_init) by extension 'ignore_ament_install'
[0.203s] Level 1:colcon.colcon_core.package_identification:_identify(ov_init) by extensions ['colcon_pkg']
[0.203s] Level 1:colcon.colcon_core.package_identification:_identify(ov_init) by extension 'colcon_pkg'
[0.203s] Level 1:colcon.colcon_core.package_identification:_identify(ov_init) by extensions ['colcon_meta']
[0.203s] Level 1:colcon.colcon_core.package_identification:_identify(ov_init) by extension 'colcon_meta'
[0.203s] Level 1:colcon.colcon_core.package_identification:_identify(ov_init) by extensions ['ros']
[0.203s] Level 1:colcon.colcon_core.package_identification:_identify(ov_init) by extension 'ros'
[0.207s] DEBUG:colcon.colcon_core.package_identification:Package 'ov_init' with type 'ros.ament_cmake' and name 'ov_init'
[0.207s] Level 1:colcon.colcon_core.package_identification:_identify(ov_interfaces) by extensions ['ignore', 'ignore_ament_install']
[0.207s] Level 1:colcon.colcon_core.package_identification:_identify(ov_interfaces) by extension 'ignore'
[0.207s] Level 1:colcon.colcon_core.package_identification:_identify(ov_interfaces) by extension 'ignore_ament_install'
[0.207s] Level 1:colcon.colcon_core.package_identification:_identify(ov_interfaces) by extensions ['colcon_pkg']
[0.207s] Level 1:colcon.colcon_core.package_identification:_identify(ov_interfaces) by extension 'colcon_pkg'
[0.207s] Level 1:colcon.colcon_core.package_identification:_identify(ov_interfaces) by extensions ['colcon_meta']
[0.207s] Level 1:colcon.colcon_core.package_identification:_identify(ov_interfaces) by extension 'colcon_meta'
[0.207s] Level 1:colcon.colcon_core.package_identification:_identify(ov_interfaces) by extensions ['ros']
[0.207s] Level 1:colcon.colcon_core.package_identification:_identify(ov_interfaces) by extension 'ros'
[0.208s] DEBUG:colcon.colcon_core.package_identification:Package 'ov_interfaces' with type 'ros.ament_cmake' and name 'ov_interfaces'
[0.208s] Level 1:colcon.colcon_core.package_identification:_identify(ov_msckf) by extensions ['ignore', 'ignore_ament_install']
[0.208s] Level 1:colcon.colcon_core.package_identification:_identify(ov_msckf) by extension 'ignore'
[0.208s] Level 1:colcon.colcon_core.package_identification:_identify(ov_msckf) by extension 'ignore_ament_install'
[0.208s] Level 1:colcon.colcon_core.package_identification:_identify(ov_msckf) by extensions ['colcon_pkg']
[0.208s] Level 1:colcon.colcon_core.package_identification:_identify(ov_msckf) by extension 'colcon_pkg'
[0.208s] Level 1:colcon.colcon_core.package_identification:_identify(ov_msckf) by extensions ['colcon_meta']
[0.208s] Level 1:colcon.colcon_core.package_identification:_identify(ov_msckf) by extension 'colcon_meta'
[0.208s] Level 1:colcon.colcon_core.package_identification:_identify(ov_msckf) by extensions ['ros']
[0.208s] Level 1:colcon.colcon_core.package_identification:_identify(ov_msckf) by extension 'ros'
[0.220s] DEBUG:colcon.colcon_core.package_identification:Package 'ov_msckf' with type 'ros.ament_cmake' and name 'ov_msckf'
[0.220s] Level 1:colcon.colcon_core.package_discovery:discover_packages(recursive) using defaults
[0.220s] Level 1:colcon.colcon_core.package_discovery:discover_packages(ignore) discover
[0.220s] Level 1:colcon.colcon_core.package_discovery:discover_packages(ignore) using defaults
[0.220s] Level 1:colcon.colcon_core.package_discovery:discover_packages(path) discover
[0.220s] Level 1:colcon.colcon_core.package_discovery:discover_packages(path) using defaults
[0.232s] INFO:colcon.colcon_core.package_selection:Skipping not selected package 'ov_core' in 'ov_core'
[0.232s] INFO:colcon.colcon_core.package_selection:Skipping not selected package 'ov_data' in 'ov_data'
[0.232s] INFO:colcon.colcon_core.package_selection:Skipping not selected package 'ov_interfaces' in 'ov_interfaces'
[0.232s] INFO:colcon.colcon_core.package_selection:Skipping not selected package 'ov_eval' in 'ov_eval'
[0.232s] INFO:colcon.colcon_core.package_selection:Skipping not selected package 'ov_init' in 'ov_init'
[0.232s] Level 1:colcon.colcon_core.package_discovery:discover_packages(prefix_path) check parameters
[0.232s] Level 1:colcon.colcon_core.package_discovery:discover_packages(prefix_path) discover
[0.234s] DEBUG:colcon.colcon_installed_package_information.package_discovery:Found 22 installed packages in /home/boris/workspace/ov_fork/install
[0.234s] DEBUG:colcon.colcon_installed_package_information.package_discovery:Found 363 installed packages in /opt/ros/humble
[0.236s] Level 1:colcon.colcon_core.package_discovery:discover_packages(prefix_path) using defaults
[0.259s] Level 5:colcon.colcon_core.verb:set package 'ov_msckf' build argument 'cmake_args' from command line to 'None'
[0.259s] Level 5:colcon.colcon_core.verb:set package 'ov_msckf' build argument 'cmake_target' from command line to 'None'
[0.259s] Level 5:colcon.colcon_core.verb:set package 'ov_msckf' build argument 'cmake_target_skip_unavailable' from command line to 'False'
[0.259s] Level 5:colcon.colcon_core.verb:set package 'ov_msckf' build argument 'cmake_clean_cache' from command line to 'False'
[0.259s] Level 5:colcon.colcon_core.verb:set package 'ov_msckf' build argument 'cmake_clean_first' from command line to 'False'
[0.259s] Level 5:colcon.colcon_core.verb:set package 'ov_msckf' build argument 'cmake_force_configure' from command line to 'False'
[0.259s] Level 5:colcon.colcon_core.verb:set package 'ov_msckf' build argument 'ament_cmake_args' from command line to 'None'
[0.259s] Level 5:colcon.colcon_core.verb:set package 'ov_msckf' build argument 'catkin_cmake_args' from command line to 'None'
[0.259s] Level 5:colcon.colcon_core.verb:set package 'ov_msckf' build argument 'catkin_skip_building_tests' from command line to 'False'
[0.259s] DEBUG:colcon.colcon_core.verb:Building package 'ov_msckf' with the following arguments: {'ament_cmake_args': None, 'build_base': '/home/boris/workspace/ov_fork/src/open_vins/build/ov_msckf', 'catkin_cmake_args': None, 'catkin_skip_building_tests': False, 'cmake_args': None, 'cmake_clean_cache': False, 'cmake_clean_first': False, 'cmake_force_configure': False, 'cmake_target': None, 'cmake_target_skip_unavailable': False, 'install_base': '/home/boris/workspace/ov_fork/src/open_vins/install/ov_msckf', 'merge_install': False, 'path': '/home/boris/workspace/ov_fork/src/open_vins/ov_msckf', 'symlink_install': False, 'test_result_base': None}
[0.259s] INFO:colcon.colcon_core.executor:Executing jobs using 'parallel' executor
[0.260s] DEBUG:colcon.colcon_parallel_executor.executor.parallel:run_until_complete
[0.260s] INFO:colcon.colcon_ros.task.ament_cmake.build:Building ROS package in '/home/boris/workspace/ov_fork/src/open_vins/ov_msckf' with build type 'ament_cmake'
[0.260s] INFO:colcon.colcon_cmake.task.cmake.build:Building CMake package in '/home/boris/workspace/ov_fork/src/open_vins/ov_msckf'
[0.261s] INFO:colcon.colcon_core.plugin_system:Skipping extension 'colcon_core.shell.bat': Not used on non-Windows systems
[0.261s] INFO:colcon.colcon_core.shell:Skip shell extension 'powershell' for command environment: Not usable outside of PowerShell
[0.261s] DEBUG:colcon.colcon_core.shell:Skip shell extension 'dsv' for command environment
[0.263s] WARNING:colcon.colcon_core.shell:The following packages are in the workspace but haven't been built:
- ov_core
- ov_interfaces
- ov_init
They are being used from the following locations instead:
- /home/boris/workspace/ov_fork/install/ov_core
- /home/boris/workspace/ov_fork/install/ov_interfaces
- /home/boris/workspace/ov_fork/install/ov_init
To suppress this warning ignore these packages in the workspace:
--packages-ignore ov_core ov_interfaces ov_init
[0.269s] DEBUG:colcon.colcon_core.event_handler.log_command:Invoking command in '/home/boris/workspace/ov_fork/src/open_vins/build/ov_msckf': CMAKE_PREFIX_PATH=${CMAKE_PREFIX_PATH}:/home/boris/workspace/ov_fork/install/imu_converter:/opt/ros/humble /usr/bin/cmake /home/boris/workspace/ov_fork/src/open_vins/ov_msckf -DCMAKE_INSTALL_PREFIX=/home/boris/workspace/ov_fork/src/open_vins/install/ov_msckf
[1.513s] DEBUG:colcon.colcon_core.event_handler.log_command:Invoked command in '/home/boris/workspace/ov_fork/src/open_vins/build/ov_msckf' returned '0': CMAKE_PREFIX_PATH=${CMAKE_PREFIX_PATH}:/home/boris/workspace/ov_fork/install/imu_converter:/opt/ros/humble /usr/bin/cmake /home/boris/workspace/ov_fork/src/open_vins/ov_msckf -DCMAKE_INSTALL_PREFIX=/home/boris/workspace/ov_fork/src/open_vins/install/ov_msckf
[1.514s] DEBUG:colcon.colcon_core.event_handler.log_command:Invoking command in '/home/boris/workspace/ov_fork/src/open_vins/build/ov_msckf': CMAKE_PREFIX_PATH=${CMAKE_PREFIX_PATH}:/home/boris/workspace/ov_fork/install/imu_converter:/opt/ros/humble /usr/bin/cmake --build /home/boris/workspace/ov_fork/src/open_vins/build/ov_msckf
[12.048s] DEBUG:colcon.colcon_core.event_handler.log_command:Invoked command in '/home/boris/workspace/ov_fork/src/open_vins/build/ov_msckf' returned '2': CMAKE_PREFIX_PATH=${CMAKE_PREFIX_PATH}:/home/boris/workspace/ov_fork/install/imu_converter:/opt/ros/humble /usr/bin/cmake --build /home/boris/workspace/ov_fork/src/open_vins/build/ov_msckf
[12.049s] Level 1:colcon.colcon_core.environment:create_environment_scripts_only(ov_msckf)
[12.051s] Level 1:colcon.colcon_core.environment:checking '/home/boris/workspace/ov_fork/src/open_vins/install/ov_msckf' for CMake module files
[12.051s] Level 1:colcon.colcon_core.environment:checking '/home/boris/workspace/ov_fork/src/open_vins/install/ov_msckf' for CMake config files
[12.051s] Level 1:colcon.colcon_core.environment:checking '/home/boris/workspace/ov_fork/src/open_vins/install/ov_msckf/bin'
[12.051s] Level 1:colcon.colcon_core.environment:checking '/home/boris/workspace/ov_fork/src/open_vins/install/ov_msckf/lib/pkgconfig/ov_msckf.pc'
[12.051s] Level 1:colcon.colcon_core.environment:checking '/home/boris/workspace/ov_fork/src/open_vins/install/ov_msckf/lib/python3.10/site-packages'
[12.051s] Level 1:colcon.colcon_core.environment:checking '/home/boris/workspace/ov_fork/src/open_vins/install/ov_msckf/bin'
[12.051s] INFO:colcon.colcon_core.shell:Creating package script '/home/boris/workspace/ov_fork/src/open_vins/install/ov_msckf/share/ov_msckf/package.ps1'
[12.052s] INFO:colcon.colcon_core.shell:Creating package descriptor '/home/boris/workspace/ov_fork/src/open_vins/install/ov_msckf/share/ov_msckf/package.dsv'
[12.052s] INFO:colcon.colcon_core.shell:Creating package script '/home/boris/workspace/ov_fork/src/open_vins/install/ov_msckf/share/ov_msckf/package.sh'
[12.052s] INFO:colcon.colcon_core.shell:Creating package script '/home/boris/workspace/ov_fork/src/open_vins/install/ov_msckf/share/ov_msckf/package.bash'
[12.053s] INFO:colcon.colcon_core.shell:Creating package script '/home/boris/workspace/ov_fork/src/open_vins/install/ov_msckf/share/ov_msckf/package.zsh'
[12.053s] Level 1:colcon.colcon_core.environment:create_file_with_runtime_dependencies(/home/boris/workspace/ov_fork/src/open_vins/install/ov_msckf/share/colcon-core/packages/ov_msckf)
[12.063s] DEBUG:colcon.colcon_parallel_executor.executor.parallel:closing loop
[12.063s] DEBUG:colcon.colcon_parallel_executor.executor.parallel:loop closed
[12.063s] DEBUG:colcon.colcon_parallel_executor.executor.parallel:run_until_complete finished with '2'
[12.063s] DEBUG:colcon.colcon_core.event_reactor:joining thread
[12.068s] INFO:colcon.colcon_core.plugin_system:Skipping extension 'colcon_notification.desktop_notification.terminal_notifier': Not used on non-Darwin systems
[12.068s] INFO:colcon.colcon_core.plugin_system:Skipping extension 'colcon_notification.desktop_notification.win32': Not used on non-Windows systems
[12.068s] INFO:colcon.colcon_notification.desktop_notification:Sending desktop notification using 'notify2'
[12.074s] DEBUG:colcon.colcon_core.event_reactor:joined thread
[12.074s] INFO:colcon.colcon_core.shell:Creating prefix script '/home/boris/workspace/ov_fork/src/open_vins/install/local_setup.ps1'
[12.075s] INFO:colcon.colcon_core.shell:Creating prefix util module '/home/boris/workspace/ov_fork/src/open_vins/install/_local_setup_util_ps1.py'
[12.075s] INFO:colcon.colcon_core.shell:Creating prefix chain script '/home/boris/workspace/ov_fork/src/open_vins/install/setup.ps1'
[12.076s] INFO:colcon.colcon_core.shell:Creating prefix script '/home/boris/workspace/ov_fork/src/open_vins/install/local_setup.sh'
[12.076s] INFO:colcon.colcon_core.shell:Creating prefix util module '/home/boris/workspace/ov_fork/src/open_vins/install/_local_setup_util_sh.py'
[12.077s] INFO:colcon.colcon_core.shell:Creating prefix chain script '/home/boris/workspace/ov_fork/src/open_vins/install/setup.sh'
[12.078s] INFO:colcon.colcon_core.shell:Creating prefix script '/home/boris/workspace/ov_fork/src/open_vins/install/local_setup.bash'
[12.078s] INFO:colcon.colcon_core.shell:Creating prefix chain script '/home/boris/workspace/ov_fork/src/open_vins/install/setup.bash'
[12.078s] INFO:colcon.colcon_core.shell:Creating prefix script '/home/boris/workspace/ov_fork/src/open_vins/install/local_setup.zsh'
[12.079s] INFO:colcon.colcon_core.shell:Creating prefix chain script '/home/boris/workspace/ov_fork/src/open_vins/install/setup.zsh'
